[0.040s] Invoking command in '/home/turtlebot3_ws/build/turtlebot3_cartographer': CMAKE_PREFIX_PATH=${CMAKE_PREFIX_PATH}:/home/turtlebot3_ws/install/turtlebot3_teleop:/home/turtlebot3_ws/install/turtlebot3_example:/opt/ros/humble /usr/bin/cmake /home/turtlebot3_ws/src/turtlebot3/turtlebot3_cartographer -DCMAKE_INSTALL_PREFIX=/home/turtlebot3_ws/install/turtlebot3_cartographer
[0.075s] -- Found ament_cmake: 1.3.11 (/opt/ros/humble/share/ament_cmake/cmake)
[0.258s] -- Override CMake install command with custom implementation using symlinks instead of copying resources
[0.371s] -- Configuring done
[0.374s] -- Generating done
[0.375s] -- Build files have been written to: /home/turtlebot3_ws/build/turtlebot3_cartographer
[0.380s] Invoked command in '/home/turtlebot3_ws/build/turtlebot3_cartographer' returned '0': CMAKE_PREFIX_PATH=${CMAKE_PREFIX_PATH}:/home/turtlebot3_ws/install/turtlebot3_teleop:/home/turtlebot3_ws/install/turtlebot3_example:/opt/ros/humble /usr/bin/cmake /home/turtlebot3_ws/src/turtlebot3/turtlebot3_cartographer -DCMAKE_INSTALL_PREFIX=/home/turtlebot3_ws/install/turtlebot3_cartographer
[0.385s] Invoking command in '/home/turtlebot3_ws/build/turtlebot3_cartographer': CMAKE_PREFIX_PATH=${CMAKE_PREFIX_PATH}:/home/turtlebot3_ws/install/turtlebot3_teleop:/home/turtlebot3_ws/install/turtlebot3_example:/opt/ros/humble /usr/bin/cmake --build /home/turtlebot3_ws/build/turtlebot3_cartographer -- -j22 -l22
[0.441s] Invoked command in '/home/turtlebot3_ws/build/turtlebot3_cartographer' returned '0': CMAKE_PREFIX_PATH=${CMAKE_PREFIX_PATH}:/home/turtlebot3_ws/install/turtlebot3_teleop:/home/turtlebot3_ws/install/turtlebot3_example:/opt/ros/humble /usr/bin/cmake --build /home/turtlebot3_ws/build/turtlebot3_cartographer -- -j22 -l22
[0.456s] Invoking command in '/home/turtlebot3_ws/build/turtlebot3_cartographer': CMAKE_PREFIX_PATH=${CMAKE_PREFIX_PATH}:/home/turtlebot3_ws/install/turtlebot3_teleop:/home/turtlebot3_ws/install/turtlebot3_example:/opt/ros/humble /usr/bin/cmake --install /home/turtlebot3_ws/build/turtlebot3_cartographer
[0.467s] -- Install configuration: ""
[0.468s] -- Execute custom install script
[0.468s] -- Symlinking: /home/turtlebot3_ws/install/turtlebot3_cartographer/share/turtlebot3_cartographer/config/turtlebot3_lds_2d.lua
[0.478s] -- Symlinking: /home/turtlebot3_ws/install/turtlebot3_cartographer/share/turtlebot3_cartographer/launch/__pycache__/cartographer.launch.cpython-310.pyc
[0.488s] -- Symlinking: /home/turtlebot3_ws/install/turtlebot3_cartographer/share/turtlebot3_cartographer/launch/cartographer.launch.py
[0.498s] -- Symlinking: /home/turtlebot3_ws/install/turtlebot3_cartographer/share/turtlebot3_cartographer/launch/occupancy_grid.launch.py
[0.509s] -- Symlinking: /home/turtlebot3_ws/install/turtlebot3_cartographer/share/turtlebot3_cartographer/rviz/tb3_cartographer.rviz
[0.521s] -- Symlinking: /home/turtlebot3_ws/install/turtlebot3_cartographer/share/ament_index/resource_index/package_run_dependencies/turtlebot3_cartographer
[0.534s] -- Symlinking: /home/turtlebot3_ws/install/turtlebot3_cartographer/share/ament_index/resource_index/parent_prefix_path/turtlebot3_cartographer
[0.548s] -- Symlinking: /home/turtlebot3_ws/install/turtlebot3_cartographer/share/turtlebot3_cartographer/environment/ament_prefix_path.sh
[0.556s] -- Symlinking: /home/turtlebot3_ws/install/turtlebot3_cartographer/share/turtlebot3_cartographer/environment/ament_prefix_path.dsv
[0.566s] -- Symlinking: /home/turtlebot3_ws/install/turtlebot3_cartographer/share/turtlebot3_cartographer/environment/path.sh
[0.575s] -- Symlinking: /home/turtlebot3_ws/install/turtlebot3_cartographer/share/turtlebot3_cartographer/environment/path.dsv
[0.589s] -- Symlinking: /home/turtlebot3_ws/install/turtlebot3_cartographer/share/turtlebot3_cartographer/local_setup.bash
[0.601s] -- Symlinking: /home/turtlebot3_ws/install/turtlebot3_cartographer/share/turtlebot3_cartographer/local_setup.sh
[0.611s] -- Symlinking: /home/turtlebot3_ws/install/turtlebot3_cartographer/share/turtlebot3_cartographer/local_setup.zsh
[0.620s] -- Symlinking: /home/turtlebot3_ws/install/turtlebot3_cartographer/share/turtlebot3_cartographer/local_setup.dsv
[0.631s] -- Symlinking: /home/turtlebot3_ws/install/turtlebot3_cartographer/share/turtlebot3_cartographer/package.dsv
[0.648s] -- Symlinking: /home/turtlebot3_ws/install/turtlebot3_cartographer/share/ament_index/resource_index/packages/turtlebot3_cartographer
[0.659s] -- Symlinking: /home/turtlebot3_ws/install/turtlebot3_cartographer/share/turtlebot3_cartographer/cmake/turtlebot3_cartographerConfig.cmake
[0.671s] -- Symlinking: /home/turtlebot3_ws/install/turtlebot3_cartographer/share/turtlebot3_cartographer/cmake/turtlebot3_cartographerConfig-version.cmake
[0.685s] -- Symlinking: /home/turtlebot3_ws/install/turtlebot3_cartographer/share/turtlebot3_cartographer/package.xml
[0.700s] Invoked command in '/home/turtlebot3_ws/build/turtlebot3_cartographer' returned '0': CMAKE_PREFIX_PATH=${CMAKE_PREFIX_PATH}:/home/turtlebot3_ws/install/turtlebot3_teleop:/home/turtlebot3_ws/install/turtlebot3_example:/opt/ros/humble /usr/bin/cmake --install /home/turtlebot3_ws/build/turtlebot3_cartographer
