[0.034s] Invoking command in '/home/turtlebot3_ws/build/turtlebot3_description': CMAKE_PREFIX_PATH=/opt/ros/humble /usr/bin/cmake /home/turtlebot3_ws/src/turtlebot3/turtlebot3_description -DAMENT_CMAKE_SYMLINK_INSTALL=1 -DCMAKE_INSTALL_PREFIX=/home/turtlebot3_ws/install/turtlebot3_description
[0.052s] -- Found ament_cmake: 1.3.11 (/opt/ros/humble/share/ament_cmake/cmake)
[0.187s] -- Override CMake install command with custom implementation using symlinks instead of copying resources
[0.195s] -- Found urdf: 2.6.1 (/opt/ros/humble/share/urdf/cmake)
[0.371s] -- Configuring done
[0.372s] -- Generating done
[0.374s] -- Build files have been written to: /home/turtlebot3_ws/build/turtlebot3_description
[0.395s] Invoked command in '/home/turtlebot3_ws/build/turtlebot3_description' returned '0': CMAKE_PREFIX_PATH=/opt/ros/humble /usr/bin/cmake /home/turtlebot3_ws/src/turtlebot3/turtlebot3_description -DAMENT_CMAKE_SYMLINK_INSTALL=1 -DCMAKE_INSTALL_PREFIX=/home/turtlebot3_ws/install/turtlebot3_description
[0.397s] Invoking command in '/home/turtlebot3_ws/build/turtlebot3_description': CMAKE_PREFIX_PATH=/opt/ros/humble /usr/bin/cmake --build /home/turtlebot3_ws/build/turtlebot3_description -- -j22 -l22
[0.451s] Invoked command in '/home/turtlebot3_ws/build/turtlebot3_description' returned '0': CMAKE_PREFIX_PATH=/opt/ros/humble /usr/bin/cmake --build /home/turtlebot3_ws/build/turtlebot3_description -- -j22 -l22
[0.453s] Invoking command in '/home/turtlebot3_ws/build/turtlebot3_description': CMAKE_PREFIX_PATH=/opt/ros/humble /usr/bin/cmake --install /home/turtlebot3_ws/build/turtlebot3_description
[0.461s] -- Install configuration: ""
[0.462s] -- Execute custom install script
[0.462s] -- Symlinking: /home/turtlebot3_ws/install/turtlebot3_description/share/turtlebot3_description/meshes/bases/burger_base.stl
[0.478s] -- Symlinking: /home/turtlebot3_ws/install/turtlebot3_description/share/turtlebot3_description/meshes/bases/waffle_base.stl
[0.497s] -- Symlinking: /home/turtlebot3_ws/install/turtlebot3_description/share/turtlebot3_description/meshes/bases/waffle_pi_base.stl
[0.510s] -- Symlinking: /home/turtlebot3_ws/install/turtlebot3_description/share/turtlebot3_description/meshes/sensors/astra.dae
[0.523s] -- Symlinking: /home/turtlebot3_ws/install/turtlebot3_description/share/turtlebot3_description/meshes/sensors/astra.jpg
[0.533s] -- Symlinking: /home/turtlebot3_ws/install/turtlebot3_description/share/turtlebot3_description/meshes/sensors/lds.stl
[0.545s] -- Symlinking: /home/turtlebot3_ws/install/turtlebot3_description/share/turtlebot3_description/meshes/sensors/r200.dae
[0.556s] -- Symlinking: /home/turtlebot3_ws/install/turtlebot3_description/share/turtlebot3_description/meshes/sensors/r200.jpg
[0.569s] -- Symlinking: /home/turtlebot3_ws/install/turtlebot3_description/share/turtlebot3_description/meshes/wheels/left_tire.stl
[0.582s] -- Symlinking: /home/turtlebot3_ws/install/turtlebot3_description/share/turtlebot3_description/meshes/wheels/right_tire.stl
[0.593s] -- Symlinking: /home/turtlebot3_ws/install/turtlebot3_description/share/turtlebot3_description/rviz/model.rviz
[0.607s] -- Symlinking: /home/turtlebot3_ws/install/turtlebot3_description/share/turtlebot3_description/urdf/common_properties.urdf
[0.618s] -- Symlinking: /home/turtlebot3_ws/install/turtlebot3_description/share/turtlebot3_description/urdf/turtlebot3_burger.urdf
[0.627s] -- Symlinking: /home/turtlebot3_ws/install/turtlebot3_description/share/turtlebot3_description/urdf/turtlebot3_waffle.urdf
[0.639s] -- Symlinking: /home/turtlebot3_ws/install/turtlebot3_description/share/turtlebot3_description/urdf/turtlebot3_waffle_pi.urdf
[0.649s] -- Symlinking: /home/turtlebot3_ws/install/turtlebot3_description/share/ament_index/resource_index/package_run_dependencies/turtlebot3_description
[0.660s] -- Symlinking: /home/turtlebot3_ws/install/turtlebot3_description/share/ament_index/resource_index/parent_prefix_path/turtlebot3_description
[0.673s] -- Symlinking: /home/turtlebot3_ws/install/turtlebot3_description/share/turtlebot3_description/environment/ament_prefix_path.sh
[0.689s] -- Symlinking: /home/turtlebot3_ws/install/turtlebot3_description/share/turtlebot3_description/environment/ament_prefix_path.dsv
[0.704s] -- Symlinking: /home/turtlebot3_ws/install/turtlebot3_description/share/turtlebot3_description/environment/path.sh
[0.717s] -- Symlinking: /home/turtlebot3_ws/install/turtlebot3_description/share/turtlebot3_description/environment/path.dsv
[0.730s] -- Symlinking: /home/turtlebot3_ws/install/turtlebot3_description/share/turtlebot3_description/local_setup.bash
[0.742s] -- Symlinking: /home/turtlebot3_ws/install/turtlebot3_description/share/turtlebot3_description/local_setup.sh
[0.760s] -- Symlinking: /home/turtlebot3_ws/install/turtlebot3_description/share/turtlebot3_description/local_setup.zsh
[0.775s] -- Symlinking: /home/turtlebot3_ws/install/turtlebot3_description/share/turtlebot3_description/local_setup.dsv
[0.788s] -- Symlinking: /home/turtlebot3_ws/install/turtlebot3_description/share/turtlebot3_description/package.dsv
[0.801s] -- Symlinking: /home/turtlebot3_ws/install/turtlebot3_description/share/ament_index/resource_index/packages/turtlebot3_description
[0.813s] -- Symlinking: /home/turtlebot3_ws/install/turtlebot3_description/share/turtlebot3_description/cmake/turtlebot3_descriptionConfig.cmake
[0.832s] -- Symlinking: /home/turtlebot3_ws/install/turtlebot3_description/share/turtlebot3_description/cmake/turtlebot3_descriptionConfig-version.cmake
[0.852s] -- Symlinking: /home/turtlebot3_ws/install/turtlebot3_description/share/turtlebot3_description/package.xml
