[0.018s] Invoking command in '/home/turtlebot3_ws/build/dynamixel_sdk_examples': AMENT_PREFIX_PATH=/home/turtlebot3_ws/install/dynamixel_sdk_custom_interfaces:/home/turtlebot3_ws/install/dynamixel_sdk:${AMENT_PREFIX_PATH} CMAKE_PREFIX_PATH=/home/turtlebot3_ws/install/dynamixel_sdk_custom_interfaces:/home/turtlebot3_ws/install/dynamixel_sdk:/opt/ros/humble LD_LIBRARY_PATH=/home/turtlebot3_ws/install/dynamixel_sdk_custom_interfaces/lib:/home/turtlebot3_ws/install/dynamixel_sdk/lib:${LD_LIBRARY_PATH} PYTHONPATH=/home/turtlebot3_ws/install/dynamixel_sdk_custom_interfaces/local/lib/python3.10/dist-packages:/home/turtlebot3_ws/install/dynamixel_sdk/local/lib/python3.10/dist-packages:${PYTHONPATH} /usr/bin/cmake /home/turtlebot3_ws/src/DynamixelSDK/ros/dynamixel_sdk_examples -DCMAKE_INSTALL_PREFIX=/home/turtlebot3_ws/install/dynamixel_sdk_examples
[0.118s] -- The C compiler identification is GNU 11.4.0
[0.186s] -- The CXX compiler identification is GNU 11.4.0
[0.195s] -- Detecting C compiler ABI info
[0.314s] -- Detecting C compiler ABI info - done
[0.322s] -- Check for working C compiler: /usr/bin/cc - skipped
[0.322s] -- Detecting C compile features
[0.322s] -- Detecting C compile features - done
[0.326s] -- Detecting CXX compiler ABI info
[0.457s] -- Detecting CXX compiler ABI info - done
[0.465s] -- Check for working CXX compiler: /usr/bin/c++ - skipped
[0.465s] -- Detecting CXX compile features
[0.466s] -- Detecting CXX compile features - done
[0.470s] -- Found ament_cmake: 1.3.11 (/opt/ros/humble/share/ament_cmake/cmake)
[0.693s] -- Found Python3: /usr/bin/python3 (found version "3.10.12") found components: Interpreter 
[0.811s] -- Found dynamixel_sdk: 3.8.4 (/home/turtlebot3_ws/install/dynamixel_sdk/share/dynamixel_sdk/cmake)
[0.813s] -- Found dynamixel_sdk_custom_interfaces: 3.8.4 (/home/turtlebot3_ws/install/dynamixel_sdk_custom_interfaces/share/dynamixel_sdk_custom_interfaces/cmake)
[0.859s] -- Found rosidl_generator_c: 3.1.6 (/opt/ros/humble/share/rosidl_generator_c/cmake)
[0.866s] -- Found rosidl_adapter: 3.1.6 (/opt/ros/humble/share/rosidl_adapter/cmake)
[0.877s] -- Found rosidl_generator_cpp: 3.1.6 (/opt/ros/humble/share/rosidl_generator_cpp/cmake)
[0.891s] -- Using all available rosidl_typesupport_c: rosidl_typesupport_fastrtps_c;rosidl_typesupport_introspection_c
[0.911s] -- Using all available rosidl_typesupport_cpp: rosidl_typesupport_fastrtps_cpp;rosidl_typesupport_introspection_cpp
[0.941s] -- Found rclcpp: 16.0.12 (/opt/ros/humble/share/rclcpp/cmake)
[0.990s] -- Found rmw_implementation_cmake: 6.1.2 (/opt/ros/humble/share/rmw_implementation_cmake/cmake)
[0.993s] -- Found rmw_fastrtps_cpp: 6.2.7 (/opt/ros/humble/share/rmw_fastrtps_cpp/cmake)
[1.133s] -- Found OpenSSL: /usr/lib/x86_64-linux-gnu/libcrypto.so (found version "3.0.2")  
[1.195s] -- Found FastRTPS: /opt/ros/humble/include  
[1.271s] -- Using RMW implementation 'rmw_fastrtps_cpp' as default
[1.287s] -- Looking for pthread.h
[1.404s] -- Looking for pthread.h - found
[1.404s] -- Performing Test CMAKE_HAVE_LIBC_PTHREAD
[1.512s] -- Performing Test CMAKE_HAVE_LIBC_PTHREAD - Success
[1.513s] -- Found Threads: TRUE  
[1.581s] -- Found rclpy: 3.3.16 (/opt/ros/humble/share/rclpy/cmake)
[1.583s] -- Found ament_lint_auto: 0.12.12 (/opt/ros/humble/share/ament_lint_auto/cmake)
[1.681s] -- Added test 'copyright' to check source files copyright and LICENSE
[1.681s] -- Added test 'cppcheck' to perform static code analysis on C / C++ code
[1.682s] -- Configured cppcheck include dirs: /home/turtlebot3_ws/src/DynamixelSDK/ros/dynamixel_sdk_examples/include
[1.682s] -- Configured cppcheck exclude dirs and/or files: 
[1.682s] -- Added test 'cpplint' to check C / C++ code against the Google style
[1.683s] -- Configured cpplint exclude dirs and/or files: 
[1.683s] -- Added test 'flake8' to check Python code syntax and style conventions
[1.683s] -- Added test 'lint_cmake' to check CMake code style
[1.684s] -- Added test 'pep257' to check Python code against some of the docstring style conventions in PEP 257
[1.685s] -- Added test 'uncrustify' to check C / C++ code style
[1.685s] -- Configured uncrustify additional arguments: 
[1.685s] -- Added test 'xmllint' to check XML markup files
[1.686s] -- Configuring done
[1.697s] -- Generating done
[1.701s] -- Build files have been written to: /home/turtlebot3_ws/build/dynamixel_sdk_examples
[1.715s] Invoked command in '/home/turtlebot3_ws/build/dynamixel_sdk_examples' returned '0': AMENT_PREFIX_PATH=/home/turtlebot3_ws/install/dynamixel_sdk_custom_interfaces:/home/turtlebot3_ws/install/dynamixel_sdk:${AMENT_PREFIX_PATH} CMAKE_PREFIX_PATH=/home/turtlebot3_ws/install/dynamixel_sdk_custom_interfaces:/home/turtlebot3_ws/install/dynamixel_sdk:/opt/ros/humble LD_LIBRARY_PATH=/home/turtlebot3_ws/install/dynamixel_sdk_custom_interfaces/lib:/home/turtlebot3_ws/install/dynamixel_sdk/lib:${LD_LIBRARY_PATH} PYTHONPATH=/home/turtlebot3_ws/install/dynamixel_sdk_custom_interfaces/local/lib/python3.10/dist-packages:/home/turtlebot3_ws/install/dynamixel_sdk/local/lib/python3.10/dist-packages:${PYTHONPATH} /usr/bin/cmake /home/turtlebot3_ws/src/DynamixelSDK/ros/dynamixel_sdk_examples -DCMAKE_INSTALL_PREFIX=/home/turtlebot3_ws/install/dynamixel_sdk_examples
[1.716s] Invoking command in '/home/turtlebot3_ws/build/dynamixel_sdk_examples': AMENT_PREFIX_PATH=/home/turtlebot3_ws/install/dynamixel_sdk_custom_interfaces:/home/turtlebot3_ws/install/dynamixel_sdk:${AMENT_PREFIX_PATH} CMAKE_PREFIX_PATH=/home/turtlebot3_ws/install/dynamixel_sdk_custom_interfaces:/home/turtlebot3_ws/install/dynamixel_sdk:/opt/ros/humble LD_LIBRARY_PATH=/home/turtlebot3_ws/install/dynamixel_sdk_custom_interfaces/lib:/home/turtlebot3_ws/install/dynamixel_sdk/lib:${LD_LIBRARY_PATH} PYTHONPATH=/home/turtlebot3_ws/install/dynamixel_sdk_custom_interfaces/local/lib/python3.10/dist-packages:/home/turtlebot3_ws/install/dynamixel_sdk/local/lib/python3.10/dist-packages:${PYTHONPATH} /usr/bin/cmake --build /home/turtlebot3_ws/build/dynamixel_sdk_examples -- -j22 -l22
[1.787s] [ 50%] [32mBuilding CXX object CMakeFiles/read_write_node.dir/src/read_write_node.cpp.o[0m
[13.532s] [100%] [32m[1mLinking CXX executable read_write_node[0m
[14.014s] [100%] Built target read_write_node
[14.034s] Invoked command in '/home/turtlebot3_ws/build/dynamixel_sdk_examples' returned '0': AMENT_PREFIX_PATH=/home/turtlebot3_ws/install/dynamixel_sdk_custom_interfaces:/home/turtlebot3_ws/install/dynamixel_sdk:${AMENT_PREFIX_PATH} CMAKE_PREFIX_PATH=/home/turtlebot3_ws/install/dynamixel_sdk_custom_interfaces:/home/turtlebot3_ws/install/dynamixel_sdk:/opt/ros/humble LD_LIBRARY_PATH=/home/turtlebot3_ws/install/dynamixel_sdk_custom_interfaces/lib:/home/turtlebot3_ws/install/dynamixel_sdk/lib:${LD_LIBRARY_PATH} PYTHONPATH=/home/turtlebot3_ws/install/dynamixel_sdk_custom_interfaces/local/lib/python3.10/dist-packages:/home/turtlebot3_ws/install/dynamixel_sdk/local/lib/python3.10/dist-packages:${PYTHONPATH} /usr/bin/cmake --build /home/turtlebot3_ws/build/dynamixel_sdk_examples -- -j22 -l22
[14.036s] Invoking command in '/home/turtlebot3_ws/build/dynamixel_sdk_examples': AMENT_PREFIX_PATH=/home/turtlebot3_ws/install/dynamixel_sdk_custom_interfaces:/home/turtlebot3_ws/install/dynamixel_sdk:${AMENT_PREFIX_PATH} CMAKE_PREFIX_PATH=/home/turtlebot3_ws/install/dynamixel_sdk_custom_interfaces:/home/turtlebot3_ws/install/dynamixel_sdk:/opt/ros/humble LD_LIBRARY_PATH=/home/turtlebot3_ws/install/dynamixel_sdk_custom_interfaces/lib:/home/turtlebot3_ws/install/dynamixel_sdk/lib:${LD_LIBRARY_PATH} PYTHONPATH=/home/turtlebot3_ws/install/dynamixel_sdk_custom_interfaces/local/lib/python3.10/dist-packages:/home/turtlebot3_ws/install/dynamixel_sdk/local/lib/python3.10/dist-packages:${PYTHONPATH} /usr/bin/cmake --install /home/turtlebot3_ws/build/dynamixel_sdk_examples
[14.052s] -- Install configuration: ""
[14.052s] -- Installing: /home/turtlebot3_ws/install/dynamixel_sdk_examples/lib/dynamixel_sdk_examples/read_write_node
[14.056s] -- Set runtime path of "/home/turtlebot3_ws/install/dynamixel_sdk_examples/lib/dynamixel_sdk_examples/read_write_node" to ""
[14.056s] -- Installing: /home/turtlebot3_ws/install/dynamixel_sdk_examples/lib/dynamixel_sdk_examples/read_write_node.py
[14.056s] -- Installing: /home/turtlebot3_ws/install/dynamixel_sdk_examples/share/ament_index/resource_index/package_run_dependencies/dynamixel_sdk_examples
[14.057s] -- Installing: /home/turtlebot3_ws/install/dynamixel_sdk_examples/share/ament_index/resource_index/parent_prefix_path/dynamixel_sdk_examples
[14.057s] -- Installing: /home/turtlebot3_ws/install/dynamixel_sdk_examples/share/dynamixel_sdk_examples/environment/ament_prefix_path.sh
[14.057s] -- Installing: /home/turtlebot3_ws/install/dynamixel_sdk_examples/share/dynamixel_sdk_examples/environment/ament_prefix_path.dsv
[14.057s] -- Installing: /home/turtlebot3_ws/install/dynamixel_sdk_examples/share/dynamixel_sdk_examples/environment/path.sh
[14.057s] -- Installing: /home/turtlebot3_ws/install/dynamixel_sdk_examples/share/dynamixel_sdk_examples/environment/path.dsv
[14.057s] -- Installing: /home/turtlebot3_ws/install/dynamixel_sdk_examples/share/dynamixel_sdk_examples/local_setup.bash
[14.057s] -- Installing: /home/turtlebot3_ws/install/dynamixel_sdk_examples/share/dynamixel_sdk_examples/local_setup.sh
[14.058s] -- Installing: /home/turtlebot3_ws/install/dynamixel_sdk_examples/share/dynamixel_sdk_examples/local_setup.zsh
[14.058s] -- Installing: /home/turtlebot3_ws/install/dynamixel_sdk_examples/share/dynamixel_sdk_examples/local_setup.dsv
[14.058s] -- Installing: /home/turtlebot3_ws/install/dynamixel_sdk_examples/share/dynamixel_sdk_examples/package.dsv
[14.058s] -- Installing: /home/turtlebot3_ws/install/dynamixel_sdk_examples/share/ament_index/resource_index/packages/dynamixel_sdk_examples
[14.058s] -- Installing: /home/turtlebot3_ws/install/dynamixel_sdk_examples/share/dynamixel_sdk_examples/cmake/dynamixel_sdk_examplesConfig.cmake
[14.058s] -- Installing: /home/turtlebot3_ws/install/dynamixel_sdk_examples/share/dynamixel_sdk_examples/cmake/dynamixel_sdk_examplesConfig-version.cmake
[14.058s] -- Installing: /home/turtlebot3_ws/install/dynamixel_sdk_examples/share/dynamixel_sdk_examples/package.xml
[14.062s] Invoked command in '/home/turtlebot3_ws/build/dynamixel_sdk_examples' returned '0': AMENT_PREFIX_PATH=/home/turtlebot3_ws/install/dynamixel_sdk_custom_interfaces:/home/turtlebot3_ws/install/dynamixel_sdk:${AMENT_PREFIX_PATH} CMAKE_PREFIX_PATH=/home/turtlebot3_ws/install/dynamixel_sdk_custom_interfaces:/home/turtlebot3_ws/install/dynamixel_sdk:/opt/ros/humble LD_LIBRARY_PATH=/home/turtlebot3_ws/install/dynamixel_sdk_custom_interfaces/lib:/home/turtlebot3_ws/install/dynamixel_sdk/lib:${LD_LIBRARY_PATH} PYTHONPATH=/home/turtlebot3_ws/install/dynamixel_sdk_custom_interfaces/local/lib/python3.10/dist-packages:/home/turtlebot3_ws/install/dynamixel_sdk/local/lib/python3.10/dist-packages:${PYTHONPATH} /usr/bin/cmake --install /home/turtlebot3_ws/build/dynamixel_sdk_examples
