[0.029s] Invoking command in '/home/turtlebot3_ws/build/turtlebot3': AMENT_PREFIX_PATH=/home/turtlebot3_ws/install/turtlebot3_bringup:/home/turtlebot3_ws/install/turtlebot3_node:/home/turtlebot3_ws/install/turtlebot3_example:/home/turtlebot3_ws/install/turtlebot3_teleop:/home/turtlebot3_ws/install/turtlebot3_navigation2:/home/turtlebot3_ws/install/turtlebot3_msgs:/home/turtlebot3_ws/install/turtlebot3_description:/home/turtlebot3_ws/install/turtlebot3_cartographer:/home/turtlebot3_ws/install/dynamixel_sdk:${AMENT_PREFIX_PATH} CMAKE_PREFIX_PATH=/home/turtlebot3_ws/install/turtlebot3_bringup:/home/turtlebot3_ws/install/turtlebot3_node:/home/turtlebot3_ws/install/turtlebot3_navigation2:/home/turtlebot3_ws/install/turtlebot3_msgs:/home/turtlebot3_ws/install/turtlebot3_description:/home/turtlebot3_ws/install/turtlebot3_cartographer:/home/turtlebot3_ws/install/dynamixel_sdk:/opt/ros/humble LD_LIBRARY_PATH=/home/turtlebot3_ws/install/turtlebot3_msgs/lib:/home/turtlebot3_ws/install/dynamixel_sdk/lib:${LD_LIBRARY_PATH} PYTHONPATH=/home/turtlebot3_ws/install/turtlebot3_example/lib/python3.10/site-packages:/home/turtlebot3_ws/install/turtlebot3_teleop/lib/python3.10/site-packages:/home/turtlebot3_ws/install/turtlebot3_msgs/local/lib/python3.10/dist-packages:/home/turtlebot3_ws/install/dynamixel_sdk/local/lib/python3.10/dist-packages:${PYTHONPATH} /usr/bin/cmake /home/turtlebot3_ws/src/turtlebot3/turtlebot3 -DCMAKE_INSTALL_PREFIX=/home/turtlebot3_ws/install/turtlebot3
[0.113s] -- The C compiler identification is GNU 11.4.0
[0.189s] -- The CXX compiler identification is GNU 11.4.0
[0.199s] -- Detecting C compiler ABI info
[0.300s] -- Detecting C compiler ABI info - done
[0.310s] -- Check for working C compiler: /usr/bin/cc - skipped
[0.310s] -- Detecting C compile features
[0.311s] -- Detecting C compile features - done
[0.316s] -- Detecting CXX compiler ABI info
[0.431s] -- Detecting CXX compiler ABI info - done
[0.442s] -- Check for working CXX compiler: /usr/bin/c++ - skipped
[0.442s] -- Detecting CXX compile features
[0.443s] -- Detecting CXX compile features - done
[0.447s] -- Found ament_cmake: 1.3.11 (/opt/ros/humble/share/ament_cmake/cmake)
[0.634s] -- Found Python3: /usr/bin/python3 (found version "3.10.12") found components: Interpreter 
[0.853s] -- Configuring done
[0.855s] -- Generating done
[0.857s] -- Build files have been written to: /home/turtlebot3_ws/build/turtlebot3
[0.863s] Invoked command in '/home/turtlebot3_ws/build/turtlebot3' returned '0': AMENT_PREFIX_PATH=/home/turtlebot3_ws/install/turtlebot3_bringup:/home/turtlebot3_ws/install/turtlebot3_node:/home/turtlebot3_ws/install/turtlebot3_example:/home/turtlebot3_ws/install/turtlebot3_teleop:/home/turtlebot3_ws/install/turtlebot3_navigation2:/home/turtlebot3_ws/install/turtlebot3_msgs:/home/turtlebot3_ws/install/turtlebot3_description:/home/turtlebot3_ws/install/turtlebot3_cartographer:/home/turtlebot3_ws/install/dynamixel_sdk:${AMENT_PREFIX_PATH} CMAKE_PREFIX_PATH=/home/turtlebot3_ws/install/turtlebot3_bringup:/home/turtlebot3_ws/install/turtlebot3_node:/home/turtlebot3_ws/install/turtlebot3_navigation2:/home/turtlebot3_ws/install/turtlebot3_msgs:/home/turtlebot3_ws/install/turtlebot3_description:/home/turtlebot3_ws/install/turtlebot3_cartographer:/home/turtlebot3_ws/install/dynamixel_sdk:/opt/ros/humble LD_LIBRARY_PATH=/home/turtlebot3_ws/install/turtlebot3_msgs/lib:/home/turtlebot3_ws/install/dynamixel_sdk/lib:${LD_LIBRARY_PATH} PYTHONPATH=/home/turtlebot3_ws/install/turtlebot3_example/lib/python3.10/site-packages:/home/turtlebot3_ws/install/turtlebot3_teleop/lib/python3.10/site-packages:/home/turtlebot3_ws/install/turtlebot3_msgs/local/lib/python3.10/dist-packages:/home/turtlebot3_ws/install/dynamixel_sdk/local/lib/python3.10/dist-packages:${PYTHONPATH} /usr/bin/cmake /home/turtlebot3_ws/src/turtlebot3/turtlebot3 -DCMAKE_INSTALL_PREFIX=/home/turtlebot3_ws/install/turtlebot3
[0.865s] Invoking command in '/home/turtlebot3_ws/build/turtlebot3': AMENT_PREFIX_PATH=/home/turtlebot3_ws/install/turtlebot3_bringup:/home/turtlebot3_ws/install/turtlebot3_node:/home/turtlebot3_ws/install/turtlebot3_example:/home/turtlebot3_ws/install/turtlebot3_teleop:/home/turtlebot3_ws/install/turtlebot3_navigation2:/home/turtlebot3_ws/install/turtlebot3_msgs:/home/turtlebot3_ws/install/turtlebot3_description:/home/turtlebot3_ws/install/turtlebot3_cartographer:/home/turtlebot3_ws/install/dynamixel_sdk:${AMENT_PREFIX_PATH} CMAKE_PREFIX_PATH=/home/turtlebot3_ws/install/turtlebot3_bringup:/home/turtlebot3_ws/install/turtlebot3_node:/home/turtlebot3_ws/install/turtlebot3_navigation2:/home/turtlebot3_ws/install/turtlebot3_msgs:/home/turtlebot3_ws/install/turtlebot3_description:/home/turtlebot3_ws/install/turtlebot3_cartographer:/home/turtlebot3_ws/install/dynamixel_sdk:/opt/ros/humble LD_LIBRARY_PATH=/home/turtlebot3_ws/install/turtlebot3_msgs/lib:/home/turtlebot3_ws/install/dynamixel_sdk/lib:${LD_LIBRARY_PATH} PYTHONPATH=/home/turtlebot3_ws/install/turtlebot3_example/lib/python3.10/site-packages:/home/turtlebot3_ws/install/turtlebot3_teleop/lib/python3.10/site-packages:/home/turtlebot3_ws/install/turtlebot3_msgs/local/lib/python3.10/dist-packages:/home/turtlebot3_ws/install/dynamixel_sdk/local/lib/python3.10/dist-packages:${PYTHONPATH} /usr/bin/cmake --build /home/turtlebot3_ws/build/turtlebot3 -- -j22 -l22
[0.922s] Invoked command in '/home/turtlebot3_ws/build/turtlebot3' returned '0': AMENT_PREFIX_PATH=/home/turtlebot3_ws/install/turtlebot3_bringup:/home/turtlebot3_ws/install/turtlebot3_node:/home/turtlebot3_ws/install/turtlebot3_example:/home/turtlebot3_ws/install/turtlebot3_teleop:/home/turtlebot3_ws/install/turtlebot3_navigation2:/home/turtlebot3_ws/install/turtlebot3_msgs:/home/turtlebot3_ws/install/turtlebot3_description:/home/turtlebot3_ws/install/turtlebot3_cartographer:/home/turtlebot3_ws/install/dynamixel_sdk:${AMENT_PREFIX_PATH} CMAKE_PREFIX_PATH=/home/turtlebot3_ws/install/turtlebot3_bringup:/home/turtlebot3_ws/install/turtlebot3_node:/home/turtlebot3_ws/install/turtlebot3_navigation2:/home/turtlebot3_ws/install/turtlebot3_msgs:/home/turtlebot3_ws/install/turtlebot3_description:/home/turtlebot3_ws/install/turtlebot3_cartographer:/home/turtlebot3_ws/install/dynamixel_sdk:/opt/ros/humble LD_LIBRARY_PATH=/home/turtlebot3_ws/install/turtlebot3_msgs/lib:/home/turtlebot3_ws/install/dynamixel_sdk/lib:${LD_LIBRARY_PATH} PYTHONPATH=/home/turtlebot3_ws/install/turtlebot3_example/lib/python3.10/site-packages:/home/turtlebot3_ws/install/turtlebot3_teleop/lib/python3.10/site-packages:/home/turtlebot3_ws/install/turtlebot3_msgs/local/lib/python3.10/dist-packages:/home/turtlebot3_ws/install/dynamixel_sdk/local/lib/python3.10/dist-packages:${PYTHONPATH} /usr/bin/cmake --build /home/turtlebot3_ws/build/turtlebot3 -- -j22 -l22
[0.926s] Invoking command in '/home/turtlebot3_ws/build/turtlebot3': AMENT_PREFIX_PATH=/home/turtlebot3_ws/install/turtlebot3_bringup:/home/turtlebot3_ws/install/turtlebot3_node:/home/turtlebot3_ws/install/turtlebot3_example:/home/turtlebot3_ws/install/turtlebot3_teleop:/home/turtlebot3_ws/install/turtlebot3_navigation2:/home/turtlebot3_ws/install/turtlebot3_msgs:/home/turtlebot3_ws/install/turtlebot3_description:/home/turtlebot3_ws/install/turtlebot3_cartographer:/home/turtlebot3_ws/install/dynamixel_sdk:${AMENT_PREFIX_PATH} CMAKE_PREFIX_PATH=/home/turtlebot3_ws/install/turtlebot3_bringup:/home/turtlebot3_ws/install/turtlebot3_node:/home/turtlebot3_ws/install/turtlebot3_navigation2:/home/turtlebot3_ws/install/turtlebot3_msgs:/home/turtlebot3_ws/install/turtlebot3_description:/home/turtlebot3_ws/install/turtlebot3_cartographer:/home/turtlebot3_ws/install/dynamixel_sdk:/opt/ros/humble LD_LIBRARY_PATH=/home/turtlebot3_ws/install/turtlebot3_msgs/lib:/home/turtlebot3_ws/install/dynamixel_sdk/lib:${LD_LIBRARY_PATH} PYTHONPATH=/home/turtlebot3_ws/install/turtlebot3_example/lib/python3.10/site-packages:/home/turtlebot3_ws/install/turtlebot3_teleop/lib/python3.10/site-packages:/home/turtlebot3_ws/install/turtlebot3_msgs/local/lib/python3.10/dist-packages:/home/turtlebot3_ws/install/dynamixel_sdk/local/lib/python3.10/dist-packages:${PYTHONPATH} /usr/bin/cmake --install /home/turtlebot3_ws/build/turtlebot3
[0.936s] -- Install configuration: ""
[0.936s] -- Installing: /home/turtlebot3_ws/install/turtlebot3/share/ament_index/resource_index/package_run_dependencies/turtlebot3
[0.937s] -- Installing: /home/turtlebot3_ws/install/turtlebot3/share/ament_index/resource_index/parent_prefix_path/turtlebot3
[0.937s] -- Installing: /home/turtlebot3_ws/install/turtlebot3/share/turtlebot3/environment/ament_prefix_path.sh
[0.937s] -- Installing: /home/turtlebot3_ws/install/turtlebot3/share/turtlebot3/environment/ament_prefix_path.dsv
[0.937s] -- Installing: /home/turtlebot3_ws/install/turtlebot3/share/turtlebot3/environment/path.sh
[0.937s] -- Installing: /home/turtlebot3_ws/install/turtlebot3/share/turtlebot3/environment/path.dsv
[0.937s] -- Installing: /home/turtlebot3_ws/install/turtlebot3/share/turtlebot3/local_setup.bash
[0.937s] -- Installing: /home/turtlebot3_ws/install/turtlebot3/share/turtlebot3/local_setup.sh
[0.937s] -- Installing: /home/turtlebot3_ws/install/turtlebot3/share/turtlebot3/local_setup.zsh
[0.938s] -- Installing: /home/turtlebot3_ws/install/turtlebot3/share/turtlebot3/local_setup.dsv
[0.938s] -- Installing: /home/turtlebot3_ws/install/turtlebot3/share/turtlebot3/package.dsv
[0.938s] -- Installing: /home/turtlebot3_ws/install/turtlebot3/share/ament_index/resource_index/packages/turtlebot3
[0.938s] -- Installing: /home/turtlebot3_ws/install/turtlebot3/share/turtlebot3/cmake/turtlebot3Config.cmake
[0.938s] -- Installing: /home/turtlebot3_ws/install/turtlebot3/share/turtlebot3/cmake/turtlebot3Config-version.cmake
[0.938s] -- Installing: /home/turtlebot3_ws/install/turtlebot3/share/turtlebot3/package.xml
[0.941s] Invoked command in '/home/turtlebot3_ws/build/turtlebot3' returned '0': AMENT_PREFIX_PATH=/home/turtlebot3_ws/install/turtlebot3_bringup:/home/turtlebot3_ws/install/turtlebot3_node:/home/turtlebot3_ws/install/turtlebot3_example:/home/turtlebot3_ws/install/turtlebot3_teleop:/home/turtlebot3_ws/install/turtlebot3_navigation2:/home/turtlebot3_ws/install/turtlebot3_msgs:/home/turtlebot3_ws/install/turtlebot3_description:/home/turtlebot3_ws/install/turtlebot3_cartographer:/home/turtlebot3_ws/install/dynamixel_sdk:${AMENT_PREFIX_PATH} CMAKE_PREFIX_PATH=/home/turtlebot3_ws/install/turtlebot3_bringup:/home/turtlebot3_ws/install/turtlebot3_node:/home/turtlebot3_ws/install/turtlebot3_navigation2:/home/turtlebot3_ws/install/turtlebot3_msgs:/home/turtlebot3_ws/install/turtlebot3_description:/home/turtlebot3_ws/install/turtlebot3_cartographer:/home/turtlebot3_ws/install/dynamixel_sdk:/opt/ros/humble LD_LIBRARY_PATH=/home/turtlebot3_ws/install/turtlebot3_msgs/lib:/home/turtlebot3_ws/install/dynamixel_sdk/lib:${LD_LIBRARY_PATH} PYTHONPATH=/home/turtlebot3_ws/install/turtlebot3_example/lib/python3.10/site-packages:/home/turtlebot3_ws/install/turtlebot3_teleop/lib/python3.10/site-packages:/home/turtlebot3_ws/install/turtlebot3_msgs/local/lib/python3.10/dist-packages:/home/turtlebot3_ws/install/dynamixel_sdk/local/lib/python3.10/dist-packages:${PYTHONPATH} /usr/bin/cmake --install /home/turtlebot3_ws/build/turtlebot3
