[0.019s] Invoking command in '/home/turtlebot3_ws/build/turtlebot3_node': AMENT_PREFIX_PATH=/home/turtlebot3_ws/install/turtlebot3_msgs:/home/turtlebot3_ws/install/dynamixel_sdk:${AMENT_PREFIX_PATH} CMAKE_PREFIX_PATH=/home/turtlebot3_ws/install/turtlebot3_msgs:/home/turtlebot3_ws/install/dynamixel_sdk:/opt/ros/humble LD_LIBRARY_PATH=/home/turtlebot3_ws/install/turtlebot3_msgs/lib:/home/turtlebot3_ws/install/dynamixel_sdk/lib:${LD_LIBRARY_PATH} PYTHONPATH=/home/turtlebot3_ws/install/turtlebot3_msgs/local/lib/python3.10/dist-packages:/home/turtlebot3_ws/install/dynamixel_sdk/local/lib/python3.10/dist-packages:${PYTHONPATH} /usr/bin/cmake /home/turtlebot3_ws/src/turtlebot3/turtlebot3_node -DCMAKE_INSTALL_PREFIX=/home/turtlebot3_ws/install/turtlebot3_node
[0.104s] -- The C compiler identification is GNU 11.4.0
[0.185s] -- The CXX compiler identification is GNU 11.4.0
[0.197s] -- Detecting C compiler ABI info
[0.307s] -- Detecting C compiler ABI info - done
[0.316s] -- Check for working C compiler: /usr/bin/cc - skipped
[0.316s] -- Detecting C compile features
[0.316s] -- Detecting C compile features - done
[0.320s] -- Detecting CXX compiler ABI info
[0.441s] -- Detecting CXX compiler ABI info - done
[0.453s] -- Check for working CXX compiler: /usr/bin/c++ - skipped
[0.454s] -- Detecting CXX compile features
[0.454s] -- Detecting CXX compile features - done
[0.459s] -- Found ament_cmake: 1.3.11 (/opt/ros/humble/share/ament_cmake/cmake)
[0.658s] -- Found Python3: /usr/bin/python3 (found version "3.10.12") found components: Interpreter 
[0.786s] -- Found dynamixel_sdk: 3.8.4 (/home/turtlebot3_ws/install/dynamixel_sdk/share/dynamixel_sdk/cmake)
[0.790s] -- Found geometry_msgs: 4.8.0 (/opt/ros/humble/share/geometry_msgs/cmake)
[0.840s] -- Found rosidl_generator_c: 3.1.6 (/opt/ros/humble/share/rosidl_generator_c/cmake)
[0.846s] -- Found rosidl_adapter: 3.1.6 (/opt/ros/humble/share/rosidl_adapter/cmake)
[0.855s] -- Found rosidl_generator_cpp: 3.1.6 (/opt/ros/humble/share/rosidl_generator_cpp/cmake)
[0.869s] -- Using all available rosidl_typesupport_c: rosidl_typesupport_fastrtps_c;rosidl_typesupport_introspection_c
[0.893s] -- Using all available rosidl_typesupport_cpp: rosidl_typesupport_fastrtps_cpp;rosidl_typesupport_introspection_cpp
[0.947s] -- Found message_filters: 4.3.7 (/opt/ros/humble/share/message_filters/cmake)
[0.996s] -- Found rmw_implementation_cmake: 6.1.2 (/opt/ros/humble/share/rmw_implementation_cmake/cmake)
[0.999s] -- Found rmw_fastrtps_cpp: 6.2.7 (/opt/ros/humble/share/rmw_fastrtps_cpp/cmake)
[1.141s] -- Found OpenSSL: /usr/lib/x86_64-linux-gnu/libcrypto.so (found version "3.0.2")  
[1.198s] -- Found FastRTPS: /opt/ros/humble/include  
[1.269s] -- Using RMW implementation 'rmw_fastrtps_cpp' as default
[1.284s] -- Looking for pthread.h
[1.394s] -- Looking for pthread.h - found
[1.395s] -- Performing Test CMAKE_HAVE_LIBC_PTHREAD
[1.508s] -- Performing Test CMAKE_HAVE_LIBC_PTHREAD - Success
[1.510s] -- Found Threads: TRUE  
[1.569s] -- Found nav_msgs: 4.8.0 (/opt/ros/humble/share/nav_msgs/cmake)
[1.593s] -- Found sensor_msgs: 4.8.0 (/opt/ros/humble/share/sensor_msgs/cmake)
[1.614s] -- Found std_srvs: 4.8.0 (/opt/ros/humble/share/std_srvs/cmake)
[1.626s] -- Found tf2: 0.25.12 (/opt/ros/humble/share/tf2/cmake)
[1.646s] -- Found tf2_ros: 0.25.12 (/opt/ros/humble/share/tf2_ros/cmake)
[1.743s] -- Found turtlebot3_msgs: 2.4.0 (/home/turtlebot3_ws/install/turtlebot3_msgs/share/turtlebot3_msgs/cmake)
[1.835s] -- Configuring done
[1.855s] -- Generating done
[1.861s] -- Build files have been written to: /home/turtlebot3_ws/build/turtlebot3_node
[1.875s] Invoked command in '/home/turtlebot3_ws/build/turtlebot3_node' returned '0': AMENT_PREFIX_PATH=/home/turtlebot3_ws/install/turtlebot3_msgs:/home/turtlebot3_ws/install/dynamixel_sdk:${AMENT_PREFIX_PATH} CMAKE_PREFIX_PATH=/home/turtlebot3_ws/install/turtlebot3_msgs:/home/turtlebot3_ws/install/dynamixel_sdk:/opt/ros/humble LD_LIBRARY_PATH=/home/turtlebot3_ws/install/turtlebot3_msgs/lib:/home/turtlebot3_ws/install/dynamixel_sdk/lib:${LD_LIBRARY_PATH} PYTHONPATH=/home/turtlebot3_ws/install/turtlebot3_msgs/local/lib/python3.10/dist-packages:/home/turtlebot3_ws/install/dynamixel_sdk/local/lib/python3.10/dist-packages:${PYTHONPATH} /usr/bin/cmake /home/turtlebot3_ws/src/turtlebot3/turtlebot3_node -DCMAKE_INSTALL_PREFIX=/home/turtlebot3_ws/install/turtlebot3_node
[1.877s] Invoking command in '/home/turtlebot3_ws/build/turtlebot3_node': AMENT_PREFIX_PATH=/home/turtlebot3_ws/install/turtlebot3_msgs:/home/turtlebot3_ws/install/dynamixel_sdk:${AMENT_PREFIX_PATH} CMAKE_PREFIX_PATH=/home/turtlebot3_ws/install/turtlebot3_msgs:/home/turtlebot3_ws/install/dynamixel_sdk:/opt/ros/humble LD_LIBRARY_PATH=/home/turtlebot3_ws/install/turtlebot3_msgs/lib:/home/turtlebot3_ws/install/dynamixel_sdk/lib:${LD_LIBRARY_PATH} PYTHONPATH=/home/turtlebot3_ws/install/turtlebot3_msgs/local/lib/python3.10/dist-packages:/home/turtlebot3_ws/install/dynamixel_sdk/local/lib/python3.10/dist-packages:${PYTHONPATH} /usr/bin/cmake --build /home/turtlebot3_ws/build/turtlebot3_node -- -j22 -l22
[1.967s] [ 14%] [32mBuilding CXX object CMakeFiles/turtlebot3_node_lib.dir/src/dynamixel_sdk_wrapper.cpp.o[0m
[1.967s] [ 14%] [32mBuilding CXX object CMakeFiles/turtlebot3_node_lib.dir/src/odometry.cpp.o[0m
[1.968s] [ 21%] [32mBuilding CXX object CMakeFiles/turtlebot3_node_lib.dir/src/turtlebot3.cpp.o[0m
[1.968s] [ 28%] [32mBuilding CXX object CMakeFiles/turtlebot3_node_lib.dir/src/devices/reset.cpp.o[0m
[1.968s] [ 35%] [32mBuilding CXX object CMakeFiles/turtlebot3_node_lib.dir/src/devices/motor_power.cpp.o[0m
[1.968s] [ 42%] [32mBuilding CXX object CMakeFiles/turtlebot3_node_lib.dir/src/devices/sound.cpp.o[0m
[1.968s] [ 50%] [32mBuilding CXX object CMakeFiles/turtlebot3_node_lib.dir/src/sensors/imu.cpp.o[0m
[1.969s] [ 57%] [32mBuilding CXX object CMakeFiles/turtlebot3_node_lib.dir/src/diff_drive_controller.cpp.o[0m
[1.971s] [ 64%] [32mBuilding CXX object CMakeFiles/turtlebot3_node_lib.dir/src/sensors/battery_state.cpp.o[0m
[1.972s] [ 71%] [32mBuilding CXX object CMakeFiles/turtlebot3_node_lib.dir/src/sensors/joint_state.cpp.o[0m
[1.973s] [ 78%] [32mBuilding CXX object CMakeFiles/turtlebot3_node_lib.dir/src/sensors/sensor_state.cpp.o[0m
[22.257s] [ 85%] [32m[1mLinking CXX static library libturtlebot3_node_lib.a[0m
[22.878s] [ 85%] Built target turtlebot3_node_lib
[22.910s] [ 92%] [32mBuilding CXX object CMakeFiles/turtlebot3_ros.dir/src/node_main.cpp.o[0m
[26.789s] [100%] [32m[1mLinking CXX executable turtlebot3_ros[0m
[29.196s] [100%] Built target turtlebot3_ros
[29.214s] Invoked command in '/home/turtlebot3_ws/build/turtlebot3_node' returned '0': AMENT_PREFIX_PATH=/home/turtlebot3_ws/install/turtlebot3_msgs:/home/turtlebot3_ws/install/dynamixel_sdk:${AMENT_PREFIX_PATH} CMAKE_PREFIX_PATH=/home/turtlebot3_ws/install/turtlebot3_msgs:/home/turtlebot3_ws/install/dynamixel_sdk:/opt/ros/humble LD_LIBRARY_PATH=/home/turtlebot3_ws/install/turtlebot3_msgs/lib:/home/turtlebot3_ws/install/dynamixel_sdk/lib:${LD_LIBRARY_PATH} PYTHONPATH=/home/turtlebot3_ws/install/turtlebot3_msgs/local/lib/python3.10/dist-packages:/home/turtlebot3_ws/install/dynamixel_sdk/local/lib/python3.10/dist-packages:${PYTHONPATH} /usr/bin/cmake --build /home/turtlebot3_ws/build/turtlebot3_node -- -j22 -l22
[29.216s] Invoking command in '/home/turtlebot3_ws/build/turtlebot3_node': AMENT_PREFIX_PATH=/home/turtlebot3_ws/install/turtlebot3_msgs:/home/turtlebot3_ws/install/dynamixel_sdk:${AMENT_PREFIX_PATH} CMAKE_PREFIX_PATH=/home/turtlebot3_ws/install/turtlebot3_msgs:/home/turtlebot3_ws/install/dynamixel_sdk:/opt/ros/humble LD_LIBRARY_PATH=/home/turtlebot3_ws/install/turtlebot3_msgs/lib:/home/turtlebot3_ws/install/dynamixel_sdk/lib:${LD_LIBRARY_PATH} PYTHONPATH=/home/turtlebot3_ws/install/turtlebot3_msgs/local/lib/python3.10/dist-packages:/home/turtlebot3_ws/install/dynamixel_sdk/local/lib/python3.10/dist-packages:${PYTHONPATH} /usr/bin/cmake --install /home/turtlebot3_ws/build/turtlebot3_node
[29.227s] -- Install configuration: ""
[29.227s] -- Installing: /home/turtlebot3_ws/install/turtlebot3_node/share/turtlebot3_node/param
[29.228s] -- Installing: /home/turtlebot3_ws/install/turtlebot3_node/share/turtlebot3_node/param/waffle_pi.yaml
[29.228s] -- Installing: /home/turtlebot3_ws/install/turtlebot3_node/share/turtlebot3_node/param/burger.yaml
[29.228s] -- Installing: /home/turtlebot3_ws/install/turtlebot3_node/share/turtlebot3_node/param/waffle.yaml
[29.228s] -- Installing: /home/turtlebot3_ws/install/turtlebot3_node/lib/turtlebot3_node/turtlebot3_ros
[29.244s] -- Set runtime path of "/home/turtlebot3_ws/install/turtlebot3_node/lib/turtlebot3_node/turtlebot3_ros" to ""
[29.244s] -- Installing: /home/turtlebot3_ws/install/turtlebot3_node/share/ament_index/resource_index/package_run_dependencies/turtlebot3_node
[29.244s] -- Installing: /home/turtlebot3_ws/install/turtlebot3_node/share/ament_index/resource_index/parent_prefix_path/turtlebot3_node
[29.245s] -- Installing: /home/turtlebot3_ws/install/turtlebot3_node/share/turtlebot3_node/environment/ament_prefix_path.sh
[29.245s] -- Installing: /home/turtlebot3_ws/install/turtlebot3_node/share/turtlebot3_node/environment/ament_prefix_path.dsv
[29.245s] -- Installing: /home/turtlebot3_ws/install/turtlebot3_node/share/turtlebot3_node/environment/path.sh
[29.245s] -- Installing: /home/turtlebot3_ws/install/turtlebot3_node/share/turtlebot3_node/environment/path.dsv
[29.245s] -- Installing: /home/turtlebot3_ws/install/turtlebot3_node/share/turtlebot3_node/local_setup.bash
[29.245s] -- Installing: /home/turtlebot3_ws/install/turtlebot3_node/share/turtlebot3_node/local_setup.sh
[29.245s] -- Installing: /home/turtlebot3_ws/install/turtlebot3_node/share/turtlebot3_node/local_setup.zsh
[29.245s] -- Installing: /home/turtlebot3_ws/install/turtlebot3_node/share/turtlebot3_node/local_setup.dsv
[29.246s] -- Installing: /home/turtlebot3_ws/install/turtlebot3_node/share/turtlebot3_node/package.dsv
[29.246s] -- Installing: /home/turtlebot3_ws/install/turtlebot3_node/share/ament_index/resource_index/packages/turtlebot3_node
[29.246s] -- Installing: /home/turtlebot3_ws/install/turtlebot3_node/share/turtlebot3_node/cmake/ament_cmake_export_dependencies-extras.cmake
[29.246s] -- Installing: /home/turtlebot3_ws/install/turtlebot3_node/share/turtlebot3_node/cmake/ament_cmake_export_include_directories-extras.cmake
[29.246s] -- Installing: /home/turtlebot3_ws/install/turtlebot3_node/share/turtlebot3_node/cmake/turtlebot3_nodeConfig.cmake
[29.246s] -- Installing: /home/turtlebot3_ws/install/turtlebot3_node/share/turtlebot3_node/cmake/turtlebot3_nodeConfig-version.cmake
[29.246s] -- Installing: /home/turtlebot3_ws/install/turtlebot3_node/share/turtlebot3_node/package.xml
[29.251s] Invoked command in '/home/turtlebot3_ws/build/turtlebot3_node' returned '0': AMENT_PREFIX_PATH=/home/turtlebot3_ws/install/turtlebot3_msgs:/home/turtlebot3_ws/install/dynamixel_sdk:${AMENT_PREFIX_PATH} CMAKE_PREFIX_PATH=/home/turtlebot3_ws/install/turtlebot3_msgs:/home/turtlebot3_ws/install/dynamixel_sdk:/opt/ros/humble LD_LIBRARY_PATH=/home/turtlebot3_ws/install/turtlebot3_msgs/lib:/home/turtlebot3_ws/install/dynamixel_sdk/lib:${LD_LIBRARY_PATH} PYTHONPATH=/home/turtlebot3_ws/install/turtlebot3_msgs/local/lib/python3.10/dist-packages:/home/turtlebot3_ws/install/dynamixel_sdk/local/lib/python3.10/dist-packages:${PYTHONPATH} /usr/bin/cmake --install /home/turtlebot3_ws/build/turtlebot3_node
