[0.020s] Invoking command in '/home/turtlebot3_ws/build/turtlebot3_bringup': AMENT_PREFIX_PATH=/home/turtlebot3_ws/install/turtlebot3_node:/home/turtlebot3_ws/install/turtlebot3_msgs:/home/turtlebot3_ws/install/turtlebot3_description:/home/turtlebot3_ws/install/dynamixel_sdk:${AMENT_PREFIX_PATH} CMAKE_PREFIX_PATH=/home/turtlebot3_ws/install/turtlebot3_node:/home/turtlebot3_ws/install/turtlebot3_msgs:/home/turtlebot3_ws/install/turtlebot3_description:/home/turtlebot3_ws/install/dynamixel_sdk:/opt/ros/humble LD_LIBRARY_PATH=/home/turtlebot3_ws/install/turtlebot3_msgs/lib:/home/turtlebot3_ws/install/dynamixel_sdk/lib:${LD_LIBRARY_PATH} PYTHONPATH=/home/turtlebot3_ws/install/turtlebot3_msgs/local/lib/python3.10/dist-packages:/home/turtlebot3_ws/install/dynamixel_sdk/local/lib/python3.10/dist-packages:${PYTHONPATH} /usr/bin/cmake /home/turtlebot3_ws/src/turtlebot3/turtlebot3_bringup -DCMAKE_INSTALL_PREFIX=/home/turtlebot3_ws/install/turtlebot3_bringup
[0.099s] -- The C compiler identification is GNU 11.4.0
[0.171s] -- The CXX compiler identification is GNU 11.4.0
[0.183s] -- Detecting C compiler ABI info
[0.288s] -- Detecting C compiler ABI info - done
[0.299s] -- Check for working C compiler: /usr/bin/cc - skipped
[0.299s] -- Detecting C compile features
[0.299s] -- Detecting C compile features - done
[0.304s] -- Detecting CXX compiler ABI info
[0.416s] -- Detecting CXX compiler ABI info - done
[0.427s] -- Check for working CXX compiler: /usr/bin/c++ - skipped
[0.427s] -- Detecting CXX compile features
[0.428s] -- Detecting CXX compile features - done
[0.432s] -- Found ament_cmake: 1.3.11 (/opt/ros/humble/share/ament_cmake/cmake)
[0.606s] -- Found Python3: /usr/bin/python3 (found version "3.10.12") found components: Interpreter 
[0.809s] -- Configuring done
[0.812s] -- Generating done
[0.814s] -- Build files have been written to: /home/turtlebot3_ws/build/turtlebot3_bringup
[0.820s] Invoked command in '/home/turtlebot3_ws/build/turtlebot3_bringup' returned '0': AMENT_PREFIX_PATH=/home/turtlebot3_ws/install/turtlebot3_node:/home/turtlebot3_ws/install/turtlebot3_msgs:/home/turtlebot3_ws/install/turtlebot3_description:/home/turtlebot3_ws/install/dynamixel_sdk:${AMENT_PREFIX_PATH} CMAKE_PREFIX_PATH=/home/turtlebot3_ws/install/turtlebot3_node:/home/turtlebot3_ws/install/turtlebot3_msgs:/home/turtlebot3_ws/install/turtlebot3_description:/home/turtlebot3_ws/install/dynamixel_sdk:/opt/ros/humble LD_LIBRARY_PATH=/home/turtlebot3_ws/install/turtlebot3_msgs/lib:/home/turtlebot3_ws/install/dynamixel_sdk/lib:${LD_LIBRARY_PATH} PYTHONPATH=/home/turtlebot3_ws/install/turtlebot3_msgs/local/lib/python3.10/dist-packages:/home/turtlebot3_ws/install/dynamixel_sdk/local/lib/python3.10/dist-packages:${PYTHONPATH} /usr/bin/cmake /home/turtlebot3_ws/src/turtlebot3/turtlebot3_bringup -DCMAKE_INSTALL_PREFIX=/home/turtlebot3_ws/install/turtlebot3_bringup
[0.821s] Invoking command in '/home/turtlebot3_ws/build/turtlebot3_bringup': AMENT_PREFIX_PATH=/home/turtlebot3_ws/install/turtlebot3_node:/home/turtlebot3_ws/install/turtlebot3_msgs:/home/turtlebot3_ws/install/turtlebot3_description:/home/turtlebot3_ws/install/dynamixel_sdk:${AMENT_PREFIX_PATH} CMAKE_PREFIX_PATH=/home/turtlebot3_ws/install/turtlebot3_node:/home/turtlebot3_ws/install/turtlebot3_msgs:/home/turtlebot3_ws/install/turtlebot3_description:/home/turtlebot3_ws/install/dynamixel_sdk:/opt/ros/humble LD_LIBRARY_PATH=/home/turtlebot3_ws/install/turtlebot3_msgs/lib:/home/turtlebot3_ws/install/dynamixel_sdk/lib:${LD_LIBRARY_PATH} PYTHONPATH=/home/turtlebot3_ws/install/turtlebot3_msgs/local/lib/python3.10/dist-packages:/home/turtlebot3_ws/install/dynamixel_sdk/local/lib/python3.10/dist-packages:${PYTHONPATH} /usr/bin/cmake --build /home/turtlebot3_ws/build/turtlebot3_bringup -- -j22 -l22
[0.876s] Invoked command in '/home/turtlebot3_ws/build/turtlebot3_bringup' returned '0': AMENT_PREFIX_PATH=/home/turtlebot3_ws/install/turtlebot3_node:/home/turtlebot3_ws/install/turtlebot3_msgs:/home/turtlebot3_ws/install/turtlebot3_description:/home/turtlebot3_ws/install/dynamixel_sdk:${AMENT_PREFIX_PATH} CMAKE_PREFIX_PATH=/home/turtlebot3_ws/install/turtlebot3_node:/home/turtlebot3_ws/install/turtlebot3_msgs:/home/turtlebot3_ws/install/turtlebot3_description:/home/turtlebot3_ws/install/dynamixel_sdk:/opt/ros/humble LD_LIBRARY_PATH=/home/turtlebot3_ws/install/turtlebot3_msgs/lib:/home/turtlebot3_ws/install/dynamixel_sdk/lib:${LD_LIBRARY_PATH} PYTHONPATH=/home/turtlebot3_ws/install/turtlebot3_msgs/local/lib/python3.10/dist-packages:/home/turtlebot3_ws/install/dynamixel_sdk/local/lib/python3.10/dist-packages:${PYTHONPATH} /usr/bin/cmake --build /home/turtlebot3_ws/build/turtlebot3_bringup -- -j22 -l22
[0.878s] Invoking command in '/home/turtlebot3_ws/build/turtlebot3_bringup': AMENT_PREFIX_PATH=/home/turtlebot3_ws/install/turtlebot3_node:/home/turtlebot3_ws/install/turtlebot3_msgs:/home/turtlebot3_ws/install/turtlebot3_description:/home/turtlebot3_ws/install/dynamixel_sdk:${AMENT_PREFIX_PATH} CMAKE_PREFIX_PATH=/home/turtlebot3_ws/install/turtlebot3_node:/home/turtlebot3_ws/install/turtlebot3_msgs:/home/turtlebot3_ws/install/turtlebot3_description:/home/turtlebot3_ws/install/dynamixel_sdk:/opt/ros/humble LD_LIBRARY_PATH=/home/turtlebot3_ws/install/turtlebot3_msgs/lib:/home/turtlebot3_ws/install/dynamixel_sdk/lib:${LD_LIBRARY_PATH} PYTHONPATH=/home/turtlebot3_ws/install/turtlebot3_msgs/local/lib/python3.10/dist-packages:/home/turtlebot3_ws/install/dynamixel_sdk/local/lib/python3.10/dist-packages:${PYTHONPATH} /usr/bin/cmake --install /home/turtlebot3_ws/build/turtlebot3_bringup
[0.890s] -- Install configuration: ""
[0.890s] -- Installing: /home/turtlebot3_ws/install/turtlebot3_bringup/share/turtlebot3_bringup/launch
[0.890s] -- Installing: /home/turtlebot3_ws/install/turtlebot3_bringup/share/turtlebot3_bringup/launch/turtlebot3_state_publisher.launch.py
[0.890s] -- Installing: /home/turtlebot3_ws/install/turtlebot3_bringup/share/turtlebot3_bringup/launch/rviz2.launch.py
[0.891s] -- Installing: /home/turtlebot3_ws/install/turtlebot3_bringup/share/turtlebot3_bringup/launch/camera.launch.py
[0.891s] -- Installing: /home/turtlebot3_ws/install/turtlebot3_bringup/share/turtlebot3_bringup/launch/robot.launch.py
[0.891s] -- Installing: /home/turtlebot3_ws/install/turtlebot3_bringup/share/turtlebot3_bringup/param
[0.891s] -- Installing: /home/turtlebot3_ws/install/turtlebot3_bringup/share/turtlebot3_bringup/param/waffle_pi.yaml
[0.891s] -- Installing: /home/turtlebot3_ws/install/turtlebot3_bringup/share/turtlebot3_bringup/param/burger.yaml
[0.891s] -- Installing: /home/turtlebot3_ws/install/turtlebot3_bringup/share/turtlebot3_bringup/param/waffle.yaml
[0.891s] -- Installing: /home/turtlebot3_ws/install/turtlebot3_bringup/share/turtlebot3_bringup/param/humble
[0.891s] -- Installing: /home/turtlebot3_ws/install/turtlebot3_bringup/share/turtlebot3_bringup/param/humble/waffle_pi.yaml
[0.891s] -- Installing: /home/turtlebot3_ws/install/turtlebot3_bringup/share/turtlebot3_bringup/param/humble/burger.yaml
[0.891s] -- Installing: /home/turtlebot3_ws/install/turtlebot3_bringup/share/turtlebot3_bringup/param/humble/waffle.yaml
[0.891s] -- Installing: /home/turtlebot3_ws/install/turtlebot3_bringup/share/turtlebot3_bringup/script
[0.891s] -- Installing: /home/turtlebot3_ws/install/turtlebot3_bringup/share/turtlebot3_bringup/script/99-turtlebot3-cdc.rules
[0.891s] -- Installing: /home/turtlebot3_ws/install/turtlebot3_bringup/share/turtlebot3_bringup/script/create_udev_rules
[0.892s] -- Installing: /home/turtlebot3_ws/install/turtlebot3_bringup/share/ament_index/resource_index/package_run_dependencies/turtlebot3_bringup
[0.892s] -- Installing: /home/turtlebot3_ws/install/turtlebot3_bringup/share/ament_index/resource_index/parent_prefix_path/turtlebot3_bringup
[0.892s] -- Installing: /home/turtlebot3_ws/install/turtlebot3_bringup/share/turtlebot3_bringup/environment/ament_prefix_path.sh
[0.892s] -- Installing: /home/turtlebot3_ws/install/turtlebot3_bringup/share/turtlebot3_bringup/environment/ament_prefix_path.dsv
[0.892s] -- Installing: /home/turtlebot3_ws/install/turtlebot3_bringup/share/turtlebot3_bringup/environment/path.sh
[0.892s] -- Installing: /home/turtlebot3_ws/install/turtlebot3_bringup/share/turtlebot3_bringup/environment/path.dsv
[0.892s] -- Installing: /home/turtlebot3_ws/install/turtlebot3_bringup/share/turtlebot3_bringup/local_setup.bash
[0.893s] -- Installing: /home/turtlebot3_ws/install/turtlebot3_bringup/share/turtlebot3_bringup/local_setup.sh
[0.893s] -- Installing: /home/turtlebot3_ws/install/turtlebot3_bringup/share/turtlebot3_bringup/local_setup.zsh
[0.893s] -- Installing: /home/turtlebot3_ws/install/turtlebot3_bringup/share/turtlebot3_bringup/local_setup.dsv
[0.893s] -- Installing: /home/turtlebot3_ws/install/turtlebot3_bringup/share/turtlebot3_bringup/package.dsv
[0.894s] -- Installing: /home/turtlebot3_ws/install/turtlebot3_bringup/share/ament_index/resource_index/packages/turtlebot3_bringup
[0.894s] -- Installing: /home/turtlebot3_ws/install/turtlebot3_bringup/share/turtlebot3_bringup/cmake/turtlebot3_bringupConfig.cmake
[0.894s] -- Installing: /home/turtlebot3_ws/install/turtlebot3_bringup/share/turtlebot3_bringup/cmake/turtlebot3_bringupConfig-version.cmake
[0.894s] -- Installing: /home/turtlebot3_ws/install/turtlebot3_bringup/share/turtlebot3_bringup/package.xml
[0.898s] Invoked command in '/home/turtlebot3_ws/build/turtlebot3_bringup' returned '0': AMENT_PREFIX_PATH=/home/turtlebot3_ws/install/turtlebot3_node:/home/turtlebot3_ws/install/turtlebot3_msgs:/home/turtlebot3_ws/install/turtlebot3_description:/home/turtlebot3_ws/install/dynamixel_sdk:${AMENT_PREFIX_PATH} CMAKE_PREFIX_PATH=/home/turtlebot3_ws/install/turtlebot3_node:/home/turtlebot3_ws/install/turtlebot3_msgs:/home/turtlebot3_ws/install/turtlebot3_description:/home/turtlebot3_ws/install/dynamixel_sdk:/opt/ros/humble LD_LIBRARY_PATH=/home/turtlebot3_ws/install/turtlebot3_msgs/lib:/home/turtlebot3_ws/install/dynamixel_sdk/lib:${LD_LIBRARY_PATH} PYTHONPATH=/home/turtlebot3_ws/install/turtlebot3_msgs/local/lib/python3.10/dist-packages:/home/turtlebot3_ws/install/dynamixel_sdk/local/lib/python3.10/dist-packages:${PYTHONPATH} /usr/bin/cmake --install /home/turtlebot3_ws/build/turtlebot3_bringup
