[0.655s] Invoking command in '/home/turtlebot3_ws/src/turtlebot3/turtlebot3_teleop': PYTHONPATH=/home/turtlebot3_ws/build/turtlebot3_teleop/prefix_override:/usr/lib/python3/dist-packages/colcon_core/task/python/colcon_distutils_commands:/home/turtlebot3_ws/install/turtlebot3_teleop/lib/python3.10/site-packages:${PYTHONPATH} /usr/bin/python3 -W ignore:setup.py install is deprecated -W ignore:easy_install command is deprecated setup.py egg_info --egg-base ../../../build/turtlebot3_teleop build --build-base /home/turtlebot3_ws/build/turtlebot3_teleop/build install --record /home/turtlebot3_ws/build/turtlebot3_teleop/install.log --single-version-externally-managed install_data
[0.898s] running egg_info
[0.899s] creating ../../../build/turtlebot3_teleop/turtlebot3_teleop.egg-info
[0.899s] writing ../../../build/turtlebot3_teleop/turtlebot3_teleop.egg-info/PKG-INFO
[0.899s] writing dependency_links to ../../../build/turtlebot3_teleop/turtlebot3_teleop.egg-info/dependency_links.txt
[0.899s] writing entry points to ../../../build/turtlebot3_teleop/turtlebot3_teleop.egg-info/entry_points.txt
[0.899s] writing requirements to ../../../build/turtlebot3_teleop/turtlebot3_teleop.egg-info/requires.txt
[0.900s] writing top-level names to ../../../build/turtlebot3_teleop/turtlebot3_teleop.egg-info/top_level.txt
[0.900s] writing manifest file '../../../build/turtlebot3_teleop/turtlebot3_teleop.egg-info/SOURCES.txt'
[0.901s] reading manifest file '../../../build/turtlebot3_teleop/turtlebot3_teleop.egg-info/SOURCES.txt'
[0.902s] writing manifest file '../../../build/turtlebot3_teleop/turtlebot3_teleop.egg-info/SOURCES.txt'
[0.902s] running build
[0.902s] running build_py
[0.902s] creating /home/turtlebot3_ws/build/turtlebot3_teleop/build
[0.902s] creating /home/turtlebot3_ws/build/turtlebot3_teleop/build/lib
[0.903s] creating /home/turtlebot3_ws/build/turtlebot3_teleop/build/lib/turtlebot3_teleop
[0.903s] copying turtlebot3_teleop/__init__.py -> /home/turtlebot3_ws/build/turtlebot3_teleop/build/lib/turtlebot3_teleop
[0.903s] creating /home/turtlebot3_ws/build/turtlebot3_teleop/build/lib/turtlebot3_teleop/script
[0.903s] copying turtlebot3_teleop/script/__init__.py -> /home/turtlebot3_ws/build/turtlebot3_teleop/build/lib/turtlebot3_teleop/script
[0.903s] copying turtlebot3_teleop/script/teleop_keyboard.py -> /home/turtlebot3_ws/build/turtlebot3_teleop/build/lib/turtlebot3_teleop/script
[0.903s] running install
[0.903s] running install_lib
[0.904s] creating /home/turtlebot3_ws/install/turtlebot3_teleop/lib/python3.10/site-packages/turtlebot3_teleop
[0.905s] copying /home/turtlebot3_ws/build/turtlebot3_teleop/build/lib/turtlebot3_teleop/__init__.py -> /home/turtlebot3_ws/install/turtlebot3_teleop/lib/python3.10/site-packages/turtlebot3_teleop
[0.905s] creating /home/turtlebot3_ws/install/turtlebot3_teleop/lib/python3.10/site-packages/turtlebot3_teleop/script
[0.905s] copying /home/turtlebot3_ws/build/turtlebot3_teleop/build/lib/turtlebot3_teleop/script/__init__.py -> /home/turtlebot3_ws/install/turtlebot3_teleop/lib/python3.10/site-packages/turtlebot3_teleop/script
[0.905s] copying /home/turtlebot3_ws/build/turtlebot3_teleop/build/lib/turtlebot3_teleop/script/teleop_keyboard.py -> /home/turtlebot3_ws/install/turtlebot3_teleop/lib/python3.10/site-packages/turtlebot3_teleop/script
[0.905s] byte-compiling /home/turtlebot3_ws/install/turtlebot3_teleop/lib/python3.10/site-packages/turtlebot3_teleop/__init__.py to __init__.cpython-310.pyc
[0.905s] byte-compiling /home/turtlebot3_ws/install/turtlebot3_teleop/lib/python3.10/site-packages/turtlebot3_teleop/script/__init__.py to __init__.cpython-310.pyc
[0.906s] byte-compiling /home/turtlebot3_ws/install/turtlebot3_teleop/lib/python3.10/site-packages/turtlebot3_teleop/script/teleop_keyboard.py to teleop_keyboard.cpython-310.pyc
[0.906s] running install_data
[0.907s] creating /home/turtlebot3_ws/install/turtlebot3_teleop/share/ament_index
[0.907s] creating /home/turtlebot3_ws/install/turtlebot3_teleop/share/ament_index/resource_index
[0.907s] creating /home/turtlebot3_ws/install/turtlebot3_teleop/share/ament_index/resource_index/packages
[0.907s] copying resource/turtlebot3_teleop -> /home/turtlebot3_ws/install/turtlebot3_teleop/share/ament_index/resource_index/packages
[0.907s] copying package.xml -> /home/turtlebot3_ws/install/turtlebot3_teleop/share/turtlebot3_teleop
[0.908s] running install_egg_info
[0.909s] Copying ../../../build/turtlebot3_teleop/turtlebot3_teleop.egg-info to /home/turtlebot3_ws/install/turtlebot3_teleop/lib/python3.10/site-packages/turtlebot3_teleop-2.3.1-py3.10.egg-info
[0.911s] running install_scripts
[0.935s] Installing teleop_keyboard script to /home/turtlebot3_ws/install/turtlebot3_teleop/lib/turtlebot3_teleop
[0.936s] writing list of installed files to '/home/turtlebot3_ws/build/turtlebot3_teleop/install.log'
[0.973s] Invoked command in '/home/turtlebot3_ws/src/turtlebot3/turtlebot3_teleop' returned '0': PYTHONPATH=/home/turtlebot3_ws/build/turtlebot3_teleop/prefix_override:/usr/lib/python3/dist-packages/colcon_core/task/python/colcon_distutils_commands:/home/turtlebot3_ws/install/turtlebot3_teleop/lib/python3.10/site-packages:${PYTHONPATH} /usr/bin/python3 -W ignore:setup.py install is deprecated -W ignore:easy_install command is deprecated setup.py egg_info --egg-base ../../../build/turtlebot3_teleop build --build-base /home/turtlebot3_ws/build/turtlebot3_teleop/build install --record /home/turtlebot3_ws/build/turtlebot3_teleop/install.log --single-version-externally-managed install_data
